Average total error: 1.20971232E8
Average total error: 7.0990816E7
Average total error: 5.8947272E7
Average total error: 4.744878E7
Average total error: 4.1555428E7
Average total error: 3.8916616E7
Average total error: 3.8646348E7
Average total error: 4.678786E7
Average total error: 3.8375184E7
Average total error: 3.6898772E7
Average total error: 3.8002356E7
Average total error: 3.8138176E7
Average total error: 3.8647716E7
Average total error: 3.6817828E7
Average total error: 3.2690788E7
Average total error: 3.3710072E7
Average total error: 4.3554124E7
Average total error: 3.8026116E7
Average total error: 4.5374592E7
Average total error: 4.7729904E7
Average total error: 4.278798E7
Average total error: 3.8943096E7
Average total error: 3.796032E7
Average total error: 4.2565964E7
Average total error: 5.199024E7
Average total error: 4.9884316E7
Average total error: 5.0332596E7
Average total error: 4.4738712E7
Average total error: 5.1121884E7
Average total error: 5.28278E7
Average total error: 4.737436E7
Average total error: 4.8825116E7
Average total error: 4.5050176E7
Average total error: 4.7032076E7
Average total error: 3.75375E7
Average total error: 4.1770188E7
Average total error: 4.2192324E7
Average total error: 3.8121424E7
Average total error: 3.6940792E7
Average total error: 4.0735792E7
Average total error: 3.7949944E7
Average total error: 3.8094084E7
Average total error: 3.9462696E7
Average total error: 4.2240504E7
Average total error: 4.1255188E7
Average total error: 4.235198E7
Average total error: 3.7214584E7
Average total error: 3.861928E7
Average total error: 3.77219E7
Average total error: 3.7414448E7
Average total error: 3.2616348E7
Average total error: 2.8501912E7
Average total error: 2.9924808E7
Average total error: 3.351813E7
Average total error: 3.3687728E7
Average total error: 3.6236108E7
Average total error: 3.6975212E7
Average total error: 3.6543472E7
Average total error: 3.8481856E7
Average total error: 3.4455868E7
Average total error: 3.0916116E7
Average total error: 2.8618544E7
Average total error: 2.7537918E7
Average total error: 2.9564782E7
Average total error: 2.56306E7
Average total error: 2.2281254E7
Average total error: 2.599309E7
Average total error: 1.966063E7
Average total error: 1.7483378E7
Average total error: 1.6682909E7
Average total error: 1.5032185E7
Average total error: 1.7223616E7
Average total error: 1.7384072E7
Average total error: 1.89933E7
Average total error: 2.5394602E7
Average total error: 1.708214E7
Average total error: 2.1111482E7
Average total error: 1.82417E7
Average total error: 2.4765124E7
Average total error: 2.0515838E7
Average total error: 2.5062742E7
Average total error: 2.6861224E7
Average total error: 3.4709076E7
Average total error: 3.0924278E7
Average total error: 3.5103116E7
Average total error: 3.0408544E7
Average total error: 3.8609756E7
Average total error: 3.8840836E7
Average total error: 3.641088E7
Average total error: 3.7741632E7
Average total error: 3.4173112E7
Average total error: 3.921708E7
Average total error: 3.5226188E7
Average total error: 3.9501532E7
Average total error: 3.7897072E7
Average total error: 3.4845884E7
Average total error: 3.3286008E7
Average total error: 3.5198156E7
Average total error: 2.665777E7
Average total error: 2.0974234E7
Average total error: 2.3158012E7
Average total error: 2.6645172E7
Average total error: 2.6971466E7
Average total error: 2.2053082E7
Average total error: 2.0063062E7
Average total error: 2.9107796E7
Average total error: 2.5797774E7
Average total error: 2.9464382E7
Average total error: 1.6345746E7
Average total error: 2.2872656E7
Average total error: 2.6626478E7
Average total error: 2.4253808E7
Average total error: 3.2652544E7
Average total error: 3.1584964E7
Average total error: 3.2416886E7
Average total error: 3.328668E7
Average total error: 3.4721056E7
